// Jest Snapshot v1, https://goo.gl/fbAQLP

exports[`renders correctly 1`] = `
<RCTSafeAreaView
  emulateUnlessSupported={true}
  style={
    Object {
      "flex": 1,
      "marginHorizontal": 30,
    }
  }
>
  <View
    style={
      Object {
        "backgroundColor": "#F05E40",
        "borderRadius": 40,
        "height": 86.5,
        "justifyContent": "center",
        "margin": 26.5,
        "width": 637.5,
      }
    }
  >
    <TextInput
      allowFontScaling={true}
      autoCapitalize="none"
      autoCorrect={false}
      editable={true}
      onChangeText={[Function]}
      onSubmitEditing={[Function]}
      placeholder="Enter postal code"
      placeholderTextColor="rgba(255,255,255, 0.6)"
      rejectResponderTermination={true}
      style={
        Object {
          "color": "#fff",
          "fontSize": 29,
          "height": "100%",
          "padding": 0,
          "paddingHorizontal": 30,
          "width": "100%",
        }
      }
      underlineColorAndroid="transparent"
    />
  </View>
  <ActivityIndicator
    animating={true}
    color="#999999"
    hidesWhenStopped={true}
    size="large"
    style={
      Object {
        "alignSelf": "center",
        "flex": 1,
        "justifyContent": "center",
      }
    }
  />
</RCTSafeAreaView>
`;
